// Jest Snapshot v1, https://goo.gl/fbAQLP

exports[`About page matches snapshot 1`] = `
<DocumentFragment>
  <div
    class="MuiGrid-root MuiGrid-container MuiGrid-spacing-xs-2"
  >
    <div
      class="MuiGrid-root MuiGrid-item MuiGrid-grid-xs-8"
    >
      <div
        class="MuiPaper-root MuiCard-root MuiPaper-elevation1 MuiPaper-rounded"
      >
        <div
          class="MuiGrid-root MuiGrid-container MuiGrid-spacing-xs-2"
        >
          <div
            class="MuiGrid-root MuiGrid-item MuiGrid-grid-xs-12"
          >
            <b>
               °F
            </b>
            <span
              class="MuiSwitch-root"
            >
              <span
                aria-disabled="false"
                class="MuiButtonBase-root MuiIconButton-root PrivateSwitchBase-root-1 MuiSwitch-switchBase"
              >
                <span
                  class="MuiIconButton-label"
                >
                  <input
                    class="PrivateSwitchBase-input-4 MuiSwitch-input"
                    type="checkbox"
                    value=""
                  />
                  <span
                    class="MuiSwitch-thumb"
                  />
                </span>
                <span
                  class="MuiTouchRipple-root"
                />
              </span>
              <span
                class="MuiSwitch-track"
              />
            </span>
            <b>
              °C
            </b>
          </div>
          <div
            class="MuiGrid-root MuiGrid-item MuiGrid-grid-xs-4"
          >
            <div
              class="MuiCardContent-root"
            >
              <h3
                class="MuiTypography-root MuiTypography-h3"
              >
                80°
              </h3>
              <p
                class="MuiTypography-root MuiTypography-body1"
              >
                Feels like 
                <b>
                  95°
                </b>
              </p>
              <img
                src="https://openweathermap.org/img/w/03n.png"
              />
            </div>
          </div>
          <div
            class="MuiGrid-root MuiGrid-item MuiGrid-grid-xs-4"
          >
            <div
              class="MuiCardContent-root"
            >
              <h4
                class="MuiTypography-root MuiTypography-h4"
              >
                18 : 48
              </h4>
              <h5
                class="MuiTypography-root MuiTypography-h5"
              >
                May 10
              </h5>
              <h6
                class="MuiTypography-root MuiTypography-h6"
              >
                2021
              </h6>
              <h5
                class="MuiTypography-root MuiTypography-h5"
              >
                Monday
              </h5>
            </div>
          </div>
          <div
            class="MuiGrid-root MuiGrid-item MuiGrid-grid-xs-4"
          >
            <div
              class="MuiCardContent-root"
            >
              <h5
                class="MuiTypography-root MuiTypography-h5"
              >
                undefined, IN
              </h5>
              <p
                class="MuiTypography-root MuiTypography-body1"
              >
                High 80° | Low 80°
              </p>
              <p
                class="MuiTypography-root MuiTypography-body1"
              >
                Humidity: 49%
              </p>
              <p
                class="MuiTypography-root MuiTypography-body1"
              >
                Pressure: 1008 hPa
              </p>
            </div>
          </div>
          <div
            class="MuiGrid-root MuiGrid-item MuiGrid-grid-xs-4"
          >
            <div
              class="MuiCardContent-root"
            >
              <h6
                class="MuiTypography-root MuiTypography-h6"
              >
                Sun
              </h6>
              <p
                class="MuiTypography-root MuiTypography-body1"
              >
                Sunrise: 05 46
              </p>
              <p
                class="MuiTypography-root MuiTypography-body1"
              >
                Sunset: 05 46
              </p>
            </div>
          </div>
          <div
            class="MuiGrid-root MuiGrid-item MuiGrid-grid-xs-4"
          >
            <div
              class="MuiCardContent-root"
            >
              <h6
                class="MuiTypography-root MuiTypography-h6"
              >
                Wind Data
              </h6>
              <p
                class="MuiTypography-root MuiTypography-body1"
              >
                Speed: 1.54 m/s
              </p>
              <p
                class="MuiTypography-root MuiTypography-body1"
              >
                Degree: 200°
              </p>
            </div>
          </div>
          <div
            class="MuiGrid-root MuiGrid-item MuiGrid-grid-xs-4"
          >
            <div
              class="MuiCardContent-root"
            >
              <h6
                class="MuiTypography-root MuiTypography-h6"
              >
                Coordinates
              </h6>
              <p
                class="MuiTypography-root MuiTypography-body1"
              >
                Latitude: 17.3616°
              </p>
              <p
                class="MuiTypography-root MuiTypography-body1"
              >
                Longitude: 78.4747°
              </p>
            </div>
          </div>
          <div
            class="MuiGrid-root MuiGrid-item MuiGrid-grid-xs-true"
          >
            <div
              class="MuiCardActions-root MuiCardActions-spacing"
            >
              <button
                class="MuiButtonBase-root MuiButton-root MuiButton-text MuiButton-textPrimary MuiButton-textSizeSmall MuiButton-sizeSmall"
                tabindex="0"
                type="button"
              >
                <span
                  class="MuiButton-label"
                >
                  Get Detailed Weather Forecast
                </span>
                <span
                  class="MuiTouchRipple-root"
                />
              </button>
            </div>
          </div>
        </div>
      </div>
    </div>
  </div>
</DocumentFragment>
`;
